###############################################################################
#
# IAR ELF Linker V7.70.1.11437/W32 for ARM                17/May/2021  22:22:27
# Copyright 2007-2016 IAR Systems AB.
#
#    Output file  =  
#        d:\_myProjects\STM32_mcu\IAR_Cube_Projects\ADS129x_Firmware\ADS129x_3V3_STM32L151\EWARM\ADS129x_3V3_STM32L151\Exe\ADS129x_3V3_STM32L151.out
#    Map file     =  
#        d:\_myProjects\STM32_mcu\IAR_Cube_Projects\ADS129x_Firmware\ADS129x_3V3_STM32L151\EWARM\ADS129x_3V3_STM32L151\List\ADS129x_3V3_STM32L151.map
#    Command line =  
#        d:\_myProjects\STM32_mcu\IAR_Cube_Projects\ADS129x_Firmware\ADS129x_3V3_STM32L151\EWARM\ADS129x_3V3_STM32L151\Obj\ADS129xDevices.o
#        d:\_myProjects\STM32_mcu\IAR_Cube_Projects\ADS129x_Firmware\ADS129x_3V3_STM32L151\EWARM\ADS129x_3V3_STM32L151\Obj\DevicePresenter.o
#        d:\_myProjects\STM32_mcu\IAR_Cube_Projects\ADS129x_Firmware\ADS129x_3V3_STM32L151\EWARM\ADS129x_3V3_STM32L151\Obj\ICommand.o
#        d:\_myProjects\STM32_mcu\IAR_Cube_Projects\ADS129x_Firmware\ADS129x_3V3_STM32L151\EWARM\ADS129x_3V3_STM32L151\Obj\IPowerManager.o
#        d:\_myProjects\STM32_mcu\IAR_Cube_Projects\ADS129x_Firmware\ADS129x_3V3_STM32L151\EWARM\ADS129x_3V3_STM32L151\Obj\IReadData.o
#        d:\_myProjects\STM32_mcu\IAR_Cube_Projects\ADS129x_Firmware\ADS129x_3V3_STM32L151\EWARM\ADS129x_3V3_STM32L151\Obj\main.o
#        d:\_myProjects\STM32_mcu\IAR_Cube_Projects\ADS129x_Firmware\ADS129x_3V3_STM32L151\EWARM\ADS129x_3V3_STM32L151\Obj\startup_stm32l151xc.o
#        d:\_myProjects\STM32_mcu\IAR_Cube_Projects\ADS129x_Firmware\ADS129x_3V3_STM32L151\EWARM\ADS129x_3V3_STM32L151\Obj\StatusLed.o
#        d:\_myProjects\STM32_mcu\IAR_Cube_Projects\ADS129x_Firmware\ADS129x_3V3_STM32L151\EWARM\ADS129x_3V3_STM32L151\Obj\stm32l1xx_hal.o
#        d:\_myProjects\STM32_mcu\IAR_Cube_Projects\ADS129x_Firmware\ADS129x_3V3_STM32L151\EWARM\ADS129x_3V3_STM32L151\Obj\stm32l1xx_hal_cortex.o
#        d:\_myProjects\STM32_mcu\IAR_Cube_Projects\ADS129x_Firmware\ADS129x_3V3_STM32L151\EWARM\ADS129x_3V3_STM32L151\Obj\stm32l1xx_hal_dac.o
#        d:\_myProjects\STM32_mcu\IAR_Cube_Projects\ADS129x_Firmware\ADS129x_3V3_STM32L151\EWARM\ADS129x_3V3_STM32L151\Obj\stm32l1xx_hal_dac_ex.o
#        d:\_myProjects\STM32_mcu\IAR_Cube_Projects\ADS129x_Firmware\ADS129x_3V3_STM32L151\EWARM\ADS129x_3V3_STM32L151\Obj\stm32l1xx_hal_dma.o
#        d:\_myProjects\STM32_mcu\IAR_Cube_Projects\ADS129x_Firmware\ADS129x_3V3_STM32L151\EWARM\ADS129x_3V3_STM32L151\Obj\stm32l1xx_hal_flash.o
#        d:\_myProjects\STM32_mcu\IAR_Cube_Projects\ADS129x_Firmware\ADS129x_3V3_STM32L151\EWARM\ADS129x_3V3_STM32L151\Obj\stm32l1xx_hal_flash_ex.o
#        d:\_myProjects\STM32_mcu\IAR_Cube_Projects\ADS129x_Firmware\ADS129x_3V3_STM32L151\EWARM\ADS129x_3V3_STM32L151\Obj\stm32l1xx_hal_flash_ramfunc.o
#        d:\_myProjects\STM32_mcu\IAR_Cube_Projects\ADS129x_Firmware\ADS129x_3V3_STM32L151\EWARM\ADS129x_3V3_STM32L151\Obj\stm32l1xx_hal_gpio.o
#        d:\_myProjects\STM32_mcu\IAR_Cube_Projects\ADS129x_Firmware\ADS129x_3V3_STM32L151\EWARM\ADS129x_3V3_STM32L151\Obj\stm32l1xx_hal_msp.o
#        d:\_myProjects\STM32_mcu\IAR_Cube_Projects\ADS129x_Firmware\ADS129x_3V3_STM32L151\EWARM\ADS129x_3V3_STM32L151\Obj\stm32l1xx_hal_pwr.o
#        d:\_myProjects\STM32_mcu\IAR_Cube_Projects\ADS129x_Firmware\ADS129x_3V3_STM32L151\EWARM\ADS129x_3V3_STM32L151\Obj\stm32l1xx_hal_pwr_ex.o
#        d:\_myProjects\STM32_mcu\IAR_Cube_Projects\ADS129x_Firmware\ADS129x_3V3_STM32L151\EWARM\ADS129x_3V3_STM32L151\Obj\stm32l1xx_hal_rcc.o
#        d:\_myProjects\STM32_mcu\IAR_Cube_Projects\ADS129x_Firmware\ADS129x_3V3_STM32L151\EWARM\ADS129x_3V3_STM32L151\Obj\stm32l1xx_hal_rcc_ex.o
#        d:\_myProjects\STM32_mcu\IAR_Cube_Projects\ADS129x_Firmware\ADS129x_3V3_STM32L151\EWARM\ADS129x_3V3_STM32L151\Obj\stm32l1xx_hal_spi.o
#        d:\_myProjects\STM32_mcu\IAR_Cube_Projects\ADS129x_Firmware\ADS129x_3V3_STM32L151\EWARM\ADS129x_3V3_STM32L151\Obj\stm32l1xx_hal_spi_ex.o
#        d:\_myProjects\STM32_mcu\IAR_Cube_Projects\ADS129x_Firmware\ADS129x_3V3_STM32L151\EWARM\ADS129x_3V3_STM32L151\Obj\stm32l1xx_hal_tim.o
#        d:\_myProjects\STM32_mcu\IAR_Cube_Projects\ADS129x_Firmware\ADS129x_3V3_STM32L151\EWARM\ADS129x_3V3_STM32L151\Obj\stm32l1xx_hal_tim_ex.o
#        d:\_myProjects\STM32_mcu\IAR_Cube_Projects\ADS129x_Firmware\ADS129x_3V3_STM32L151\EWARM\ADS129x_3V3_STM32L151\Obj\stm32l1xx_hal_uart.o
#        d:\_myProjects\STM32_mcu\IAR_Cube_Projects\ADS129x_Firmware\ADS129x_3V3_STM32L151\EWARM\ADS129x_3V3_STM32L151\Obj\stm32l1xx_it.o
#        d:\_myProjects\STM32_mcu\IAR_Cube_Projects\ADS129x_Firmware\ADS129x_3V3_STM32L151\EWARM\ADS129x_3V3_STM32L151\Obj\system_stm32l1xx.o
#        --redirect _Printf=_PrintfFull --redirect _Scanf=_ScanfFull -o
#        d:\_myProjects\STM32_mcu\IAR_Cube_Projects\ADS129x_Firmware\ADS129x_3V3_STM32L151\EWARM\ADS129x_3V3_STM32L151\Exe\ADS129x_3V3_STM32L151.out
#        --map
#        d:\_myProjects\STM32_mcu\IAR_Cube_Projects\ADS129x_Firmware\ADS129x_3V3_STM32L151\EWARM\ADS129x_3V3_STM32L151\List\ADS129x_3V3_STM32L151.map
#        --config
#        d:\_myProjects\STM32_mcu\IAR_Cube_Projects\ADS129x_Firmware\ADS129x_3V3_STM32L151\EWARM/stm32l151xc_flash.icf
#        --semihosting --entry __iar_program_start --vfe
#
###############################################################################

*******************************************************************************
*** RUNTIME MODEL ATTRIBUTES
***

CppFlavor       = *
__SystemLibrary = DLib


*******************************************************************************
*** PLACEMENT SUMMARY
***

"A0":  place at 0x08000000 { ro section .intvec };
"P1":  place in [from 0x08000000 to 0x0803ffff] { ro };
"P2":  place in [from 0x20000000 to 0x20007fff] { rw, block CSTACK, block HEAP };
initialize by copy { rw };

  Section            Kind        Address    Size  Object
  -------            ----        -------    ----  ------
"A0":                                      0x124
  .intvec            ro code  0x08000000   0x124  startup_stm32l151xc.o [2]
                            - 0x08000124   0x124

"P1":                                     0x1c24
  .text              ro code  0x08000124   0x61c  stm32l1xx_hal_rcc.o [2]
  .text              ro code  0x08000740     0xc  stm32l1xx_hal.o [2]
  .text              ro code  0x0800074c    0x28  stm32l1xx_hal.o [2]
  .text              ro code  0x08000774    0xee  stm32l1xx_hal_cortex.o [2]
  .text              ro code  0x08000864   0x33a  stm32l1xx_hal_uart.o [2]
  .text              ro code  0x08000ba0   0x194  stm32l1xx_hal_msp.o [2]
  .text              ro code  0x08000d34   0x1b4  stm32l1xx_hal_gpio.o [2]
  .text              ro code  0x08000ee8   0x238  main.o [2]
  .text              ro code  0x08001120    0x16  stm32l1xx_hal.o [2]
  .text              ro code  0x08001136    0x7e  stm32l1xx_hal_spi_ex.o [2]
  .text              ro code  0x080011b4    0x74  stm32l1xx_hal_dac.o [2]
  .text              ro code  0x08001228   0x28e  DevicePresenter.o [2]
  .text              ro code  0x080014b8   0x1c0  ADS129xDevices.o [2]
  .text              ro code  0x08001678    0x18  stm32l1xx_hal.o [2]
  .text              ro code  0x08001690    0x34  StatusLed.o [2]
  .text              ro code  0x080016c4   0x1ec  stm32l1xx_hal_spi.o [2]
  .text              ro code  0x080018b0    0xcc  IPowerManager.o [2]
  .text              ro code  0x0800197c    0xd2  ICommand.o [2]
  .text              ro code  0x08001a50    0x5c  IReadData.o [2]
  .text              ro code  0x08001aac    0x64  system_stm32l1xx.o [2]
  .text              ro code  0x08001b10    0x40  zero_init3.o [4]
  .text              ro code  0x08001b50    0x38  packbits_init_single.o [4]
  .text              ro code  0x08001b88    0x28  data_init.o [4]
  .text              ro code  0x08001bb0    0x24  stm32l1xx_it.o [2]
  .text              ro code  0x08001bd4    0x10  stm32l1xx_hal.o [2]
  .iar.init_table    const    0x08001be4    0x20  - Linker created -
  .text              ro code  0x08001c04    0x1a  cmain.o [4]
  .text              ro code  0x08001c1e     0x4  low_level_init.o [3]
  .text              ro code  0x08001c22     0x4  exit.o [3]
  .text              ro code  0x08001c28     0xa  cexit.o [4]
  .text              ro code  0x08001c34    0x14  exit.o [5]
  .text              ro code  0x08001c48    0x10  startup_stm32l151xc.o [2]
  .text              ro code  0x08001c58     0xc  cstartup_M.o [4]
  .rodata            const    0x08001c64     0x8  system_stm32l1xx.o [2]
  .text              ro code  0x08001c6c     0x4  startup_stm32l151xc.o [2]
  .text              ro code  0x08001c70     0x4  startup_stm32l151xc.o [2]
  .text              ro code  0x08001c74     0x4  startup_stm32l151xc.o [2]
  .text              ro code  0x08001c78     0x4  startup_stm32l151xc.o [2]
  .text              ro code  0x08001c7c     0x4  startup_stm32l151xc.o [2]
  .text              ro code  0x08001c80     0x4  startup_stm32l151xc.o [2]
  .text              ro code  0x08001c84     0x4  startup_stm32l151xc.o [2]
  .text              ro code  0x08001c88     0x4  startup_stm32l151xc.o [2]
  .text              ro code  0x08001c8c     0x4  startup_stm32l151xc.o [2]
  .text              ro code  0x08001c90     0x4  startup_stm32l151xc.o [2]
  .text              ro code  0x08001c94     0x4  startup_stm32l151xc.o [2]
  .text              ro code  0x08001c98     0x4  startup_stm32l151xc.o [2]
  .text              ro code  0x08001c9c     0x4  startup_stm32l151xc.o [2]
  .text              ro code  0x08001ca0     0x4  startup_stm32l151xc.o [2]
  .text              ro code  0x08001ca4     0x4  startup_stm32l151xc.o [2]
  .text              ro code  0x08001ca8     0x4  startup_stm32l151xc.o [2]
  .text              ro code  0x08001cac     0x4  startup_stm32l151xc.o [2]
  .text              ro code  0x08001cb0     0x4  startup_stm32l151xc.o [2]
  .text              ro code  0x08001cb4     0x4  startup_stm32l151xc.o [2]
  .text              ro code  0x08001cb8     0x4  startup_stm32l151xc.o [2]
  .text              ro code  0x08001cbc     0x4  startup_stm32l151xc.o [2]
  .text              ro code  0x08001cc0     0x4  startup_stm32l151xc.o [2]
  .text              ro code  0x08001cc4     0x4  startup_stm32l151xc.o [2]
  .text              ro code  0x08001cc8     0x4  startup_stm32l151xc.o [2]
  .text              ro code  0x08001ccc     0x4  startup_stm32l151xc.o [2]
  .text              ro code  0x08001cd0     0x4  startup_stm32l151xc.o [2]
  .text              ro code  0x08001cd4     0x4  startup_stm32l151xc.o [2]
  .text              ro code  0x08001cd8     0x4  startup_stm32l151xc.o [2]
  .text              ro code  0x08001cdc     0x4  startup_stm32l151xc.o [2]
  .text              ro code  0x08001ce0     0x4  startup_stm32l151xc.o [2]
  .text              ro code  0x08001ce4     0x4  startup_stm32l151xc.o [2]
  .text              ro code  0x08001ce8     0x4  startup_stm32l151xc.o [2]
  .text              ro code  0x08001cec     0x4  startup_stm32l151xc.o [2]
  .text              ro code  0x08001cf0     0x4  startup_stm32l151xc.o [2]
  .text              ro code  0x08001cf4     0x4  startup_stm32l151xc.o [2]
  .text              ro code  0x08001cf8     0x4  startup_stm32l151xc.o [2]
  .text              ro code  0x08001cfc     0x4  startup_stm32l151xc.o [2]
  .text              ro code  0x08001d00     0x4  startup_stm32l151xc.o [2]
  .text              ro code  0x08001d04     0x4  startup_stm32l151xc.o [2]
  .text              ro code  0x08001d08     0x4  startup_stm32l151xc.o [2]
  .text              ro code  0x08001d0c     0x4  startup_stm32l151xc.o [2]
  .text              ro code  0x08001d10     0x4  startup_stm32l151xc.o [2]
  .text              ro code  0x08001d14     0x4  startup_stm32l151xc.o [2]
  .text              ro code  0x08001d18     0x4  startup_stm32l151xc.o [2]
  .text              ro code  0x08001d1c     0x4  startup_stm32l151xc.o [2]
  .text              ro code  0x08001d20     0x4  startup_stm32l151xc.o [2]
  .text              ro code  0x08001d24     0x4  startup_stm32l151xc.o [2]
  .text              ro code  0x08001d28     0x4  startup_stm32l151xc.o [2]
  .text              ro code  0x08001d2c     0x4  startup_stm32l151xc.o [2]
  .text              ro code  0x08001d30     0x4  startup_stm32l151xc.o [2]
  .text              ro code  0x08001d34     0x4  startup_stm32l151xc.o [2]
  .rodata            const    0x08001d38     0x0  zero_init3.o [4]
  .rodata            const    0x08001d38     0x0  packbits_init_single.o [4]
  Initializer bytes  const    0x08001d38    0x10  <for P2-1>
                            - 0x08001d48  0x1c24

"P2", part 1 of 3:                          0xb8
  P2-1                        0x20000000    0xb8  <Init block>
    .data            inited   0x20000000    0xb4  main.o [2]
    .data            inited   0x200000b4     0x4  system_stm32l1xx.o [2]
                            - 0x200000b8    0xb8

"P2", part 2 of 3:                         0x400
  CSTACK                      0x200000b8   0x400  <Block>
    CSTACK           uninit   0x200000b8   0x400  <Block tail>
                            - 0x200004b8   0x400

"P2", part 3 of 3:                         0x1a0
  .bss               zero     0x200004b8   0x138  ADS129xDevices.o [2]
  .bss               zero     0x200005f0    0x20  ICommand.o [2]
  .bss               zero     0x20000610    0x1c  IReadData.o [2]
  .bss               zero     0x2000062c    0x14  DevicePresenter.o [2]
  .bss               zero     0x20000640     0x8  IPowerManager.o [2]
  .bss               zero     0x20000648     0x8  IReadData.o [2]
  .bss               zero     0x20000650     0x4  stm32l1xx_hal.o [2]
  .bss               zero     0x20000654     0x1  main.o [2]
                            - 0x20000655   0x19d


*******************************************************************************
*** INIT TABLE
***

          Address     Size
          -------     ----
Zero (__iar_zero_init3)
    1 destination range, total size 0x19d:
          0x200004b8  0x19d

Copy/packbits (__iar_packbits_init_single3)
    1 source range, total size 0x10 (8% of destination):
          0x08001d38   0x10
    1 destination range, total size 0xb8:
          0x20000000   0xb8



*******************************************************************************
*** MODULE SUMMARY
***

    Module                  ro code  ro data  rw data
    ------                  -------  -------  -------
command line: [1]
    -------------------------------------------------
    Total:

d:\_myProjects\STM32_mcu\IAR_Cube_Projects\ADS129x_Firmware\ADS129x_3V3_STM32L151\EWARM\ADS129x_3V3_STM32L151\Obj: [2]
    ADS129xDevices.o            448               312
    DevicePresenter.o           654                20
    ICommand.o                  210                32
    IPowerManager.o             204                 8
    IReadData.o                  92                36
    StatusLed.o                  52
    main.o                      568       15      181
    startup_stm32l151xc.o       512
    stm32l1xx_hal.o             114                 4
    stm32l1xx_hal_cortex.o      238
    stm32l1xx_hal_dac.o         116
    stm32l1xx_hal_gpio.o        436
    stm32l1xx_hal_msp.o         404
    stm32l1xx_hal_rcc.o       1 564
    stm32l1xx_hal_spi.o         492
    stm32l1xx_hal_spi_ex.o      126
    stm32l1xx_hal_uart.o        826
    stm32l1xx_it.o               36
    system_stm32l1xx.o          100        9        4
    -------------------------------------------------
    Total:                    7 192       24      597

dl7M_tlf.a: [3]
    exit.o                        4
    low_level_init.o              4
    -------------------------------------------------
    Total:                        8

rt7M_tl.a: [4]
    cexit.o                      10
    cmain.o                      26
    cstartup_M.o                 12
    data_init.o                  40
    packbits_init_single.o       56
    zero_init3.o                 64
    -------------------------------------------------
    Total:                      208

shb_l.a: [5]
    exit.o                       20
    -------------------------------------------------
    Total:                       20

    Gaps                         12
    Linker created                        32    1 024
-----------------------------------------------------
    Grand Total:              7 440       56    1 621


*******************************************************************************
*** ENTRY LIST
***

Entry                      Address   Size  Type      Object
-----                      -------   ----  ----      ------
.iar.init_table$$Base   0x08001be4          --   Gb  - Linker created -
.iar.init_table$$Limit  0x08001c04          --   Gb  - Linker created -
?main                   0x08001c05         Code  Gb  cmain.o [4]
ADS129x_DefualtConfiguration
                        0x080013bd   0xfa  Code  Lc  DevicePresenter.o [2]
AHBPrescTable           0x08001b00   0x10  Data  Gb  system_stm32l1xx.o [2]
APBPrescTable           0x08001c64    0x8  Data  Gb  system_stm32l1xx.o [2]
BusFault_Handler        0x08001bb7    0x2  Code  Gb  stm32l1xx_it.o [2]
CSTACK$$Base            0x200000b8          --   Gb  - Linker created -
CSTACK$$Limit           0x200004b8          --   Gb  - Linker created -
DataReady               0x20000654    0x1  Data  Gb  main.o [2]
DebugMon_Handler        0x08001bbd    0x2  Code  Gb  stm32l1xx_it.o [2]
DefualtConfiguration    0x0800132b   0x8c  Code  Lc  DevicePresenter.o [2]
DeviceDataRead          0x08001309   0x22  Code  Lc  DevicePresenter.o [2]
DisableReadDataContinuousMode
                        0x08001a41    0x6  Code  Lc  ICommand.o [2]
EXTI1_IRQHandler        0x08001bcf    0x6  Code  Gb  stm32l1xx_it.o [2]
EnableReadDataByCommand
                        0x08001a49    0x6  Code  Lc  ICommand.o [2]
EnableReadDataContinuousMode
                        0x08001a39    0x6  Code  Lc  ICommand.o [2]
EnterStandlyMode        0x08001a0d    0x4  Code  Lc  ICommand.o [2]
GetInstance             0x0800158d   0xc6  Code  Gb  ADS129xDevices.o [2]
HAL_DAC_ConfigChannel   0x080011db   0x42  Code  Gb  stm32l1xx_hal_dac.o [2]
HAL_DAC_Init            0x080011b5   0x26  Code  Gb  stm32l1xx_hal_dac.o [2]
HAL_DAC_MspInit         0x08000c39   0x32  Code  Gb  stm32l1xx_hal_msp.o [2]
HAL_Delay               0x08001679   0x18  Code  Wk  stm32l1xx_hal.o [2]
HAL_GPIO_EXTI_Callback  0x080010eb    0x8  Code  Gb  main.o [2]
HAL_GPIO_EXTI_IRQHandler
                        0x08000eb3   0x10  Code  Gb  stm32l1xx_hal_gpio.o [2]
HAL_GPIO_Init           0x08000d35  0x16c  Code  Gb  stm32l1xx_hal_gpio.o [2]
HAL_GPIO_WritePin       0x08000eab    0x8  Code  Gb  stm32l1xx_hal_gpio.o [2]
HAL_GetTick             0x08000741    0xc  Code  Wk  stm32l1xx_hal.o [2]
HAL_IncTick             0x08001bd5   0x10  Code  Wk  stm32l1xx_hal.o [2]
HAL_Init                0x08001121   0x16  Code  Gb  stm32l1xx_hal.o [2]
HAL_InitTick            0x0800074d   0x28  Code  Wk  stm32l1xx_hal.o [2]
HAL_MspInit             0x08000ba1   0x98  Code  Gb  stm32l1xx_hal_msp.o [2]
HAL_NVIC_DisableIRQ     0x080007ef    0xa  Code  Gb  stm32l1xx_hal_cortex.o [2]
HAL_NVIC_EnableIRQ      0x080007e3    0xc  Code  Gb  stm32l1xx_hal_cortex.o [2]
HAL_NVIC_SetPriority    0x080007a9   0x3a  Code  Gb  stm32l1xx_hal_cortex.o [2]
HAL_NVIC_SetPriorityGrouping
                        0x0800078f   0x1a  Code  Gb  stm32l1xx_hal_cortex.o [2]
HAL_RCC_ClockConfig     0x080004bb  0x134  Code  Gb  stm32l1xx_hal_rcc.o [2]
HAL_RCC_GetHCLKFreq     0x08000671    0x6  Code  Gb  stm32l1xx_hal_rcc.o [2]
HAL_RCC_GetPCLK1Freq    0x08000677   0x10  Code  Gb  stm32l1xx_hal_rcc.o [2]
HAL_RCC_GetPCLK2Freq    0x08000687    0xe  Code  Gb  stm32l1xx_hal_rcc.o [2]
HAL_RCC_GetSysClockFreq
                        0x0800061d   0x54  Code  Gb  stm32l1xx_hal_rcc.o [2]
HAL_RCC_OscConfig       0x08000125  0x360  Code  Gb  stm32l1xx_hal_rcc.o [2]
HAL_SPI_Init            0x08001137   0x7e  Code  Gb  stm32l1xx_hal_spi_ex.o [2]
HAL_SPI_MspInit         0x08000c6b   0x50  Code  Gb  stm32l1xx_hal_msp.o [2]
HAL_SPI_Transmit        0x080016c5  0x12a  Code  Gb  stm32l1xx_hal_spi.o [2]
HAL_SYSTICK_CLKSourceConfig
                        0x08000829   0x14  Code  Gb  stm32l1xx_hal_cortex.o [2]
HAL_SYSTICK_Callback    0x08000861    0x2  Code  Wk  stm32l1xx_hal_cortex.o [2]
HAL_SYSTICK_Config      0x08000801   0x28  Code  Gb  stm32l1xx_hal_cortex.o [2]
HAL_SYSTICK_IRQHandler  0x0800085d    0x4  Code  Gb  stm32l1xx_hal_cortex.o [2]
HAL_UART_Init           0x08000865   0x22  Code  Gb  stm32l1xx_hal_uart.o [2]
HAL_UART_MspInit        0x08000cd7   0x3a  Code  Gb  stm32l1xx_hal_msp.o [2]
HAL_UART_Transmit       0x080008db   0x90  Code  Gb  stm32l1xx_hal_uart.o [2]
HardFault_Handler       0x08001bb3    0x2  Code  Gb  stm32l1xx_it.o [2]
InitBlink               0x08001691   0x34  Code  Gb  StatusLed.o [2]
Initialize              0x0800124d   0xba  Code  Lc  DevicePresenter.o [2]
Led                     0x200000ac    0x8  Data  Gb  main.o [2]
MX_GPIO_Init            0x08001029   0xb0  Code  Lc  main.o [2]
MemManage_Handler       0x08001bb5    0x2  Code  Gb  stm32l1xx_it.o [2]
NMI_Handler             0x08001bb1    0x2  Code  Gb  stm32l1xx_it.o [2]
NVIC_SetPriority        0x08000775   0x1a  Code  Lc  stm32l1xx_hal_cortex.o [2]
PLLMulTable             0x08001af4    0xc  Data  Gb  system_stm32l1xx.o [2]
PendSV_Handler          0x08001bbf    0x2  Code  Gb  stm32l1xx_it.o [2]
PowerDownSequencing     0x08001949   0x26  Code  Lc  IPowerManager.o [2]
PowerManager            0x080018b1   0x10  Code  Gb  IPowerManager.o [2]
PowerUpSequencing       0x080018c1   0x7e  Code  Lc  IPowerManager.o [2]
RCC_SetFlashLatencyFromMSIRange
                        0x0800069b   0x70  Code  Lc  stm32l1xx_hal_rcc.o [2]
RREG                    0x080014b9   0x52  Code  Lc  ADS129xDevices.o [2]
ReadData                0x08001a51    0xe  Code  Gb  IReadData.o [2]
Region$$Table$$Base     0x08001be4          --   Gb  - Linker created -
Region$$Table$$Limit    0x08001c04          --   Gb  - Linker created -
ResetTheDevice          0x08001a21    0x6  Code  Lc  ICommand.o [2]
SPI_WaitOnFlagUntilTimeout
                        0x08001809   0x7a  Code  Lc  stm32l1xx_hal_spi.o [2]
SVC_Handler             0x08001bbb    0x2  Code  Gb  stm32l1xx_it.o [2]
SendComand              0x0800197d   0x48  Code  Lc  ICommand.o [2]
StartConversetion       0x08001a29    0x6  Code  Lc  ICommand.o [2]
StopConversetion        0x08001a31    0x6  Code  Lc  ICommand.o [2]
SysTick_Handler         0x08001bc1    0xe  Code  Gb  stm32l1xx_it.o [2]
SystemClock_Config      0x08000fab   0x7e  Code  Gb  main.o [2]
SystemCommands          0x080019c5   0x34  Code  Gb  ICommand.o [2]
SystemCoreClock         0x200000b4    0x4  Data  Gb  system_stm32l1xx.o [2]
SystemInit              0x08001aad   0x38  Code  Gb  system_stm32l1xx.o [2]
UART_SetConfig          0x08000a2f  0x130  Code  Lc  stm32l1xx_hal_uart.o [2]
UART_WaitOnFlagUntilTimeout
                        0x08000995   0x8a  Code  Lc  stm32l1xx_hal_uart.o [2]
UsageFault_Handler      0x08001bb9    0x2  Code  Gb  stm32l1xx_it.o [2]
WREG                    0x0800150b   0x46  Code  Lc  ADS129xDevices.o [2]
WakeUpFromStandlyMode   0x08001a05    0x6  Code  Lc  ICommand.o [2]
_DevicePresenter        0x08001229   0x22  Code  Gb  DevicePresenter.o [2]
_OutData                0x08001a61   0x3a  Code  Lc  IReadData.o [2]
__cmain                 0x08001c05         Code  Gb  cmain.o [4]
__exit                  0x08001c35   0x14  Code  Gb  exit.o [5]
__iar_data_init3        0x08001b89   0x28  Code  Gb  data_init.o [4]
__iar_packbits_init_single3
                        0x08001b51   0x38  Code  Gb  packbits_init_single.o [4]
__iar_program_start     0x08001c59         Code  Gb  cstartup_M.o [4]
__iar_zero_init3        0x08001b11   0x40  Code  Gb  zero_init3.o [4]
__low_level_init        0x08001c1f    0x4  Code  Gb  low_level_init.o [3]
__vector_table          0x08000000         Data  Gb  startup_stm32l151xc.o [2]
_call_main              0x08001c11         Code  Gb  cmain.o [4]
_exit                   0x08001c29         Code  Gb  cexit.o [4]
_main                   0x08001c1b         Code  Gb  cmain.o [4]
commands                0x200005f0   0x20  Data  Gb  ICommand.o [2]
data                    0x20000610   0x1c  Data  Lc  IReadData.o [2]
device                  0x200004b8  0x138  Data  Lc  ADS129xDevices.o [2]
device                  0x20000638    0x4  Data  Lc  DevicePresenter.o [2]
devicePresenter         0x2000062c    0xc  Data  Lc  DevicePresenter.o [2]
exit                    0x08001c23    0x4  Code  Gb  exit.o [3]
hdac                    0x20000098   0x14  Data  Gb  main.o [2]
hspi1                   0x20000000   0x58  Data  Gb  main.o [2]
huart1                  0x20000058   0x40  Data  Gb  main.o [2]
main                    0x08000ee9   0xc2  Code  Gb  main.o [2]
manager                 0x20000640    0x8  Data  Gb  IPowerManager.o [2]
readData                0x20000648    0x8  Data  Lc  IReadData.o [2]
sLed                    0x2000063c    0x4  Data  Lc  DevicePresenter.o [2]
uwTick                  0x20000650    0x4  Data  Gb  stm32l1xx_hal.o [2]


[1] = command line
[2] = d:\_myProjects\STM32_mcu\IAR_Cube_Projects\ADS129x_Firmware\ADS129x_3V3_STM32L151\EWARM\ADS129x_3V3_STM32L151\Obj
[3] = dl7M_tlf.a
[4] = rt7M_tl.a
[5] = shb_l.a

  7 440 bytes of readonly  code memory
     56 bytes of readonly  data memory
  1 621 bytes of readwrite data memory

Errors: none
Warnings: none
